measurement start time   	pm25 aqi         	pm10 aqi         	ozone aqi
2021-08-13T05:00:00-07:00	G 23 (5 µg/m³)   	G 11 (13 µg/m³)  	G 19 (- ppb)
2021-08-13T06:00:00-07:00	G 34 (11 µg/m³)  	G 11 (11 µg/m³)  	G 17 (17 ppb)
2021-08-13T07:00:00-07:00	G 34 (8 µg/m³)   	G 13 (17 µg/m³)  	G 18 (16 ppb)
2021-08-13T08:00:00-07:00	G 27 (5 µg/m³)   	G 19 (27 µg/m³)  	G 19 (16 ppb)
2021-08-13T09:00:00-07:00	G 20 (3 µg/m³)   	G 19 (19 µg/m³)  	G 18 (17 ppb)
2021-08-13T10:00:00-07:00	G 22 (6 µg/m³)   	G 20 (25 µg/m³)  	G 21 (20 ppb)
2021-08-13T11:00:00-07:00	G 32 (10 µg/m³)  	G 21 (24 µg/m³)  	G 24 (25 ppb)
2021-08-13T12:00:00-07:00	M 62 (27 µg/m³)  	G 32 (47 µg/m³)  	G 28 (32 ppb)
2021-08-13T13:00:00-07:00	M 56 (12 µg/m³)  	G 40 (52 µg/m³)  	G 34 (41 ppb)
2021-08-13T14:00:00-07:00	M 55 (13 µg/m³)  	G 37 (37 µg/m³)  	G 34 (43 ppb)
2021-08-13T15:00:00-07:00	G 50 (10 µg/m³)  	G 32 (31 µg/m³)  	G 32 (43 ppb)
2021-08-13T16:00:00-07:00	G 50 (- µg/m³)   	G 32 (- µg/m³)   	G 32 (- ppb)
